// Jest Snapshot v1, https://goo.gl/fbAQLP

exports[`Header Component that it should mount with crashing 1`] = `
<header>
  <NavLink
    activeClassName="active"
    ariaCurrent="true"
    className="logo"
    to="/"
  >
    <img
      alt="star-wars-logo"
      src="star-wars-logo.png"
    />
    <h1
      className="home-header"
    >
      THE API STRIKES BACK
    </h1>
  </NavLink>
  <nav>
    <ul>
      <li
        className="nav-item"
      >
        <NavLink
          activeClassName="active"
          ariaCurrent="true"
          to="/people"
        >
          People
        </NavLink>
      </li>
      <li
        className="nav-item"
      >
        <NavLink
          activeClassName="active"
          ariaCurrent="true"
          to="/planets"
        >
          Planets
        </NavLink>
      </li>
      <li
        className="nav-item"
      >
        <NavLink
          activeClassName="active"
          ariaCurrent="true"
          to="/vehicles"
        >
          Vehicles
        </NavLink>
      </li>
      <li
        className="nav-item"
      >
        <NavLink
          activeClassName="active"
          ariaCurrent="true"
          to="/favorites"
        >
          Favorites
        </NavLink>
      </li>
    </ul>
  </nav>
</header>
`;
