// Jest Snapshot v1, https://goo.gl/fbAQLP

exports[`Main Component it should render without crashing 1`] = `
<div
  className="container"
>
  <Switch>
    <Route
      exact={true}
      path="/"
      render={[Function]}
    />
    <Route
      path="/people"
      render={[Function]}
    />
    <Route
      path="/planets"
      render={[Function]}
    />
    <Route
      path="/vehicles"
      render={[Function]}
    />
    <Route
      path="/favorites"
      render={[Function]}
    />
  </Switch>
</div>
`;
